[1] "LC_COLLATE=Chinese (Simplified)_China.936;LC_CTYPE=Chinese (Simplified)_China.936;LC_MONETARY=Chinese (Simplified)_China.936;LC_NUMERIC=C;LC_TIME=Chinese (Simplified)_China.936"
i Loading gcamreport
Warning message:
程辑包'testthat'是用R版本4.1.3 来建造的 
=== V8 Test from DAT file ===

Loading project...
Loading data, performing checks, and saving output...
Joining, by = c("scenario", "region", "sector", "var", "year")
Error in left_join_strict(., refliq_bioshare %>% tidyr::complete(tidyr::nesting(scenario,  : 
  Error: Some rows in the left dataset do not have matching keys in the right dataset. Type `left_join_strict_details` to see the full log. Some of the rows that the mapping  miss are:
# A tibble: 19 x 3
   scenario  region   year
   <chr>     <chr>   <dbl>
 1 Reference Ukraine  2010
 2 Reference Ukraine  2015
 3 Reference Ukraine  2021
 4 Reference Ukraine  2025
 5 Reference Ukraine  2030
 6 Reference Ukraine  2035
 7 Reference Ukraine  2040
 8 Reference Ukraine  2045
 9 Reference Ukraine  2050
10 Reference Ukraine  2055
11 Reference Ukraine  2060
12 Reference Ukraine  2065
13 Reference Ukraine  2070
14 Reference Ukraine  2075
15 Reference Ukraine  2080
16 Reference Ukraine  2085
17 Reference Ukraine  2090
18 Reference Ukraine  2095
19 Reference Ukraine  2100
Calls: generate_report ... <Anonymous> -> <Anonymous> -> <Anonymous> -> <Anonymous> -> list2
此外: Warning messages:
1: In get(var$fun)(GCAM_version) :
  The 'Capital Stock' variable is unavailable in your project. It is only supported from GCAM version 7.0 onwards. If you are using version 7.0 or newer, please ensure the `National Accunt` query is valid and not returning empty results.
2: In get(var$fun)(GCAM_version) :
  The 'Capital Formation' variable is unavailable in your project. It is only supported from GCAM version 7.0 onwards. If you are using version 7.0 or newer, please ensure the `National Accunt` query is valid and not returning empty results.
停止执行
